make.exe all --print-data-base --no-builtin-variables --no-builtin-rules --question
# GNU Make 4.4.1
# Built for x86_64-w64-mingw32
# Copyright (C) 1988-2023 Free Software Foundation, Inc.
# License GPLv3+: GNU GPL version 3 or later <https://gnu.org/licenses/gpl.html>
# This is free software: you are free to change and redistribute it.
# There is NO WARRANTY, to the extent permitted by law.

# Make data base, printed on Fri Dec 19 14:19:53 2025

# Variables

# environment
SYSTEMDRIVE = C:
# makefile (from 'Makefile', line 20)
OBJ = $(SRC:$(SRCDIR)/%$(EXT)=$(OBJDIR)/%.o)
# makefile (from 'Makefile', line 9)
LIBDIR = src/lib
# environment
LC_ALL = C
# makefile (from 'Makefile', line 19)
SRC = $(wildcard $(SRCDIR)/*$(EXT)) $(wildcard $(LIBDIR)/*$(EXT))
# makefile (from 'Makefile', line 7)
EXT = .c
# makefile (from 'Makefile', line 28)
WDELOBJ = $(SRC:$(SRCDIR)/%$(EXT)=$(OBJDIR)\\%.o)
# environment
TERM_PROMPT_PATH_RAW = E:\home\main\projects\timeflow
# makefile (from 'Makefile', line 10)
OBJDIR = obj
# environment
USERPROFILE = C:\Users\pr0n3o
# environment
LOCALAPPDATA = C:\Users\pr0n3o\AppData\Local
# environment
WSLENV = WT_SESSION:WT_PROFILE_ID:
# environment
VSCODE_CRASH_REPORTER_PROCESS_TYPE = extensionHost
# environment
VSCODE_CWD = E:\home\main\projects\timeflow
# makefile (from 'Makefile', line 24)
DELOBJ = $(OBJ)
# environment
SYSTEMROOT = C:\Windows
# environment
PROCESSOR_LEVEL = 6
# environment
PSMODULEPATH = C:\Program Files\WindowsPowerShell\Modules;C:\Windows\system32\WindowsPowerShell\v1.0\Modules
# default
MAKE_COMMAND := make.exe
# automatic
@D = $(patsubst %/,%,$(patsubst %\,%,$(dir $@)))
# environment
CHROME_CRASHPAD_PIPE_NAME = \\.\pipe\crashpad_3456_MTRYIQPWFBXTOBTX
# environment
VSCODE_HANDLES_UNCAUGHT_ERRORS = true
# default
.VARIABLES := 
# automatic
%D = $(patsubst %/,%,$(patsubst %\,%,$(dir $%)))
# environment
TOCD = E:\home\main\projects\timeflow
# automatic
^D = $(patsubst %/,%,$(patsubst %\,%,$(dir $^)))
# automatic
%F = $(notdir $%)
# environment
VSCODE_CODE_CACHE_PATH = C:\Users\pr0n3o\AppData\Roaming\Code\CachedData\618725e67565b290ba4da6fe2d29f8fa1d4e3622
# environment
TERM_PROMPT_UNAME = pr0n3o
# environment
LANG = C
# environment
TOTALCD = E:/home/main/projects/timeflow
# default
.LOADED := 
# environment
TMP = C:\Users\pr0n3o\AppData\Local\Temp
# default
.INCLUDE_DIRS := 
# makefile
MAKEFLAGS = pqrR
# environment
ONEDRIVE = C:\Users\pr0n3o\OneDrive
# makefile (from 'Makefile', line 21)
DEP = $(OBJ:$(OBJDIR)/%.o=$(OBJDIR)/%.d)
# makefile
CURDIR := e:/home/main/projects/timeflow
# environment
POSH_INSTALLER = winget
# automatic
*D = $(patsubst %/,%,$(patsubst %\,%,$(dir $*)))
# environment
PROGRAMFILES = C:\Program Files
# environment
MFLAGS = -pqrR
# default
.SHELLFLAGS := -c
# environment
CLINK_DIR = C:\Program Files (x86)\clink
# environment
COMMONPROGRAMW6432 = C:\Program Files\Common Files
# automatic
+D = $(patsubst %/,%,$(patsubst %\,%,$(dir $+)))
# makefile (from 'Makefile', line 1)
MAKEFILE_LIST := Makefile
# automatic
@F = $(notdir $@)
# environment
VSCODE_PID = 3456
# makefile (from 'Makefile', line 6)
APPNAME = timeflow
# automatic
?D = $(patsubst %/,%,$(patsubst %\,%,$(dir $?)))
# environment
POSH_THEMES_PATH = C:\Users\pr0n3o\AppData\Local\Programs\oh-my-posh\themes\
# environment
PROJFPATH = .\.proj_info
# environment
WT_PROFILE_ID = {0caa0dad-35be-5f56-a8ff-afceeeaa6101}
# automatic
*F = $(notdir $*)
# automatic
<D = $(patsubst %/,%,$(patsubst %\,%,$(dir $<)))
# environment
VSCODE_NLS_CONFIG = {"userLocale":"en-us","osLocale":"en-us","resolvedLanguage":"en","defaultMessagesFile":"C:\\Users\\pr0n3o\\AppData\\Local\\Programs\\Microsoft VS Code\\resources\\app\\out\\nls.messages.json","locale":"en-us","availableLanguages":{}}
# makefile (from 'Makefile', line 11)
INCLUDE = src/include
# default
MAKE_HOST := x86_64-w64-mingw32
# environment
PROGRAMDATA = C:\ProgramData
# default
SHELL := C:/Program Files/Git/usr/bin/sh.exe
# environment
HOMEPATH = \Users\pr0n3o
# default
MAKECMDGOALS := all
# environment
DRIVERDATA = C:\Windows\System32\Drivers\DriverData
# environment
COMSPEC = C:\Windows\system32\cmd.exe
# environment
WINDIR = C:\Windows
# environment
MAKELEVEL := 0
# default
MAKE = $(MAKE_COMMAND)
# environment
PATH = C:\Windows\system32;C:\Windows;C:\Windows\System32\Wbem;C:\Windows\System32\WindowsPowerShell\v1.0\;C:\Windows\System32\OpenSSH\;C:\Program Files (x86)\Paragon Software\LinuxFS for Windows\;C:\Program Files\nodejs\;C:\Program Files\Git\cmd;C:\Program Files\Git\mingw64\bin;C:\Program Files\Git\usr\bin;C:\Program Files\CMake\bin;C:\Program Files\GitHub CLI\;C:\Program Files\Cloudflare\Cloudflare WARP\;C:\Users\user\AppData\Local\Programs\oh-my-posh\bin;C:\Users\pr0n3o\.local\bin;C:\Users\pr0n3o\AppData\Local\Programs\oh-my-posh\bin\;C:\Users\pr0n3o\emsdk;C:\Users\pr0n3o\emsdk\upstream\emscripten;C:\Users\pr0n3o\.cargo\bin;C:\Users\pr0n3o\AppData\Local\Programs\Python\Python311\Scripts\;C:\Users\pr0n3o\AppData\Local\Programs\Python\Python311\;C:\Users\pr0n3o\AppData\Local\Microsoft\WindowsApps;C:\Users\pr0n3o\.path\;C:\Users\pr0n3o\AppData\Local\Programs\Microsoft VS Code\bin;C:\Users\pr0n3o\AppData\Roaming\npm;C:\Program Files\mingw64\bin\;C:\Users\pr0n3o\.path\flutter\bin\;C:\Users\pr0n3o\.path\openjdk17\bin\;C:\Users\pr0n3o\.path\gradle\bin\;C:\Users\pr0n3o\.path\Android\cmdline-tools\latest\bin\;C:\Users\pr0n3o\.path\Android\platform-tools\;C:\Users\pr0n3o\AppData\Local\Microsoft\WinGet\Links;
# environment
COMPUTERNAME = WINUX
# default
MAKEFILES := 
# automatic
^F = $(notdir $^)
# environment
PROMPT = [92mpr0n3o@winux[0m:[96mE:/home/main/projects/timeflow[0m$$$S
# environment
APPLICATION_INSIGHTS_NO_STATSBEAT = true
# environment
WT_SESSION = a28e52c6-19fb-4470-8758-02fce46cb696
# environment
LOGONSERVER = \\WINUX
# environment
USERNAME = pr0n3o
# environment
COMMONPROGRAMFILES = C:\Program Files\Common Files
# automatic
?F = $(notdir $?)
# environment
PROGRAMW6432 = C:\Program Files
# environment
PATHEXT = .COM;.EXE;.BAT;.CMD;.VBS;.VBE;.JS;.JSE;.WSF;.WSH;.MSC
# automatic
+F = $(notdir $+)
# environment
USERDOMAIN = WINUX
# 'override' directive
GNUMAKEFLAGS := 
# environment
OS = Windows_NT
# makefile (from 'Makefile', line 27)
EXE = .exe
# makefile
.DEFAULT_GOAL := all
# makefile (from 'Makefile', line 23)
RM = rm
# default
MAKE_VERSION := 4.4.1
# environment
PROGRAMFILES(X86) = C:\Program Files (x86)
# makefile (from 'Makefile', line 16)
LDFLAGS = 
# makefile (from 'Makefile', line 26)
DEL = del
# environment
USERDOMAIN_ROAMINGPROFILE = WINUX
# environment
NUMBER_OF_PROCESSORS = 4
# environment
PUBLIC = C:\Users\Public
# environment
APPDATA = C:\Users\pr0n3o\AppData\Roaming
# environment
HOMEDRIVE = C:
# environment
PROCESSOR_ARCHITECTURE = AMD64
# environment
TERM_PROMPT_PATH = E:/home/main/projects/timeflow
# environment
LCASEMACRO = for /f "tokens=* USEBACKQ" %f IN (`lcase %_str%`) do (set _str=%f)
# environment
PROJFPATHRAW = .
# environment
COMMONPROGRAMFILES(X86) = C:\Program Files (x86)\Common Files
# environment
TERM_PROMPT_PCNAME = winux
# environment
_STR = pr0n3o
# environment
ELECTRON_RUN_AS_NODE = 1
# environment
TEMP = C:\Users\pr0n3o\AppData\Local\Temp
# environment
VSCODE_IPC_HOOK = \\.\pipe\c29e8353-1.107.0-main-sock
# makefile (from 'Makefile', line 8)
SRCDIR = src
# default
.RECIPEPREFIX := 
# automatic
<F = $(notdir $<)
# environment
DPATH = E:/home/main/projects/timeflow
# default
SUFFIXES := 
# environment
ALLUSERSPROFILE = C:\ProgramData
# environment
SESSIONNAME = Console
# environment
VSCODE_CLI = 1
# environment
ELECTRON_NO_ATTACH_CONSOLE = 1
# makefile (from 'Makefile', line 15)
CXXFLAGS = -std=c11 -Wall -I$(INCLUDE)
# default
.FEATURES := target-specific order-only second-expansion else-if shortest-stem undefine oneshell nocomment grouped-target extra-prereqs notintermediate shell-export archives jobserver output-sync dospaths
# environment
PROCESSOR_REVISION = 3a09
# makefile (from 'Makefile', line 14)
CC = gcc
# environment
VSCODE_ESM_ENTRYPOINT = vs/workbench/api/node/extensionHostProcess
# environment
DPATHMACRO = for /f "tokens=* USEBACKQ" %f IN (`w2ldir %_str%`) do (set _str=%f)
# environment
PROCESSOR_IDENTIFIER = Intel64 Family 6 Model 58 Stepping 9, GenuineIntel
# variable set hash-table stats:
# Load=123/1024=12%, Rehash=0, Collisions=11/182=6%

# Pattern-specific Variable Values

# No pattern-specific variable values.

# Directories

# src (key e:/home/main/projects/timeflow/src, mtime 1765293827): 6 files, no impossibilities.
# . (key e:/home/main/projects/timeflow, mtime 1765291530): 12 files, no impossibilities.
# obj/src (key (null), mtime 0): No files, 1 impossibilities.
# obj/lib/src (key (null), mtime 0): No files, 1 impossibilities.
# src/lib (key e:/home/main/projects/timeflow/src/lib, mtime 1765364404): 3 files, no impossibilities.

# 21 files, 2 impossibilities in 5 directories.

# Implicit Rules

%.d: src/%.c
#  recipe to execute (from 'Makefile', line 42):
	@$(CPP) $(CFLAGS) $< -MM -MT $(@:%.d=$(OBJDIR)/%.o) >$@

obj/%.o: src/%.c
#  recipe to execute (from 'Makefile', line 49):
	$(CC) $(CXXFLAGS) -o $@ -c $<

# 2 implicit rules, 0 (0.0%) terminal.
# Files

# Not a target:
obj/main.d:
#  Implicit rule search has been done.
#  File does not exist.
#  File has been updated.
#  Failed to be updated.

cleandepw:
#  Phony target (prerequisite of .PHONY).
#  Implicit rule search has not been done.
#  File does not exist.
#  File has not been updated.
#  recipe to execute (from 'Makefile', line 71):
	$(DEL) $(DEP)

timeflow: obj/main.o obj/lib/parser.o
#  Implicit rule search has not been done.
#  File does not exist.
#  File has been updated.
#  Needs to be updated (-q is set).
# variable set hash-table stats:
# Load=0/32=0%, Rehash=0, Collisions=0/6=0%
#  recipe to execute (from 'Makefile', line 38):
	$(CC) $(CXXFLAGS) -o $@ $^ $(LDFLAGS)

obj/main.o: src/main.c
#  Implicit rule search has been done.
#  Implicit/static pattern stem: 'main'
#  Last modified 2025-12-14 22:20:12
#  File has been updated.
#  Needs to be updated (-q is set).
# automatic
# @ := obj/main.o
# automatic
# * := main
# automatic
# < := src/main.c
# automatic
# + := src/main.c
# automatic
# % := 
# automatic
# ^ := src/main.c
# automatic
# ? := src/main.c
# automatic
# | := 
# variable set hash-table stats:
# Load=8/32=25%, Rehash=0, Collisions=2/16=12%
#  recipe to execute (from 'Makefile', line 49):
	$(CC) $(CXXFLAGS) -o $@ -c $<

cleandep:
#  Phony target (prerequisite of .PHONY).
#  Implicit rule search has not been done.
#  File does not exist.
#  File has not been updated.
#  recipe to execute (from 'Makefile', line 60):
	$(RM) $(DEP)

# Not a target:
Makefile:
#  Implicit rule search has been done.
#  File is secondary (prerequisite of .SECONDARY).
#  Last modified 2025-12-14 22:13:58
#  File has been updated.
#  Successfully updated.

clean:
#  Phony target (prerequisite of .PHONY).
#  Implicit rule search has not been done.
#  File does not exist.
#  File has not been updated.
#  recipe to execute (from 'Makefile', line 55):
	$(RM) $(DELOBJ) $(DEP) $(APPNAME)

# Not a target:
src/main.c:
#  Implicit rule search has been done.
#  File is secondary (prerequisite of .SECONDARY).
#  Last modified 2025-12-19 12:50:20
#  File has been updated.
#  Successfully updated.

# Not a target:
.DEFAULT:
#  Implicit rule search has not been done.
#  Modification time never checked.
#  File has not been updated.

# Not a target:
obj/lib/parser.o:
#  Implicit rule search has not been done.
#  Modification time never checked.
#  File has not been updated.

all: timeflow
#  Command line target.
#  Implicit rule search has been done.
#  File does not exist.
#  File has been updated.
#  Needs to be updated (-q is set).
# variable set hash-table stats:
# Load=0/32=0%, Rehash=0, Collisions=0/6=0%

cleanw:
#  Phony target (prerequisite of .PHONY).
#  Implicit rule search has not been done.
#  File does not exist.
#  File has not been updated.
#  recipe to execute (from 'Makefile', line 66):
	$(DEL) $(WDELOBJ) $(DEP) $(APPNAME)$(EXE)

# Not a target:
obj/lib/parser.d:
#  Implicit rule search has been done.
#  File does not exist.
#  File has been updated.
#  Failed to be updated.

.PHONY: clean cleandep cleanw cleandepw
#  Implicit rule search has not been done.
#  Modification time never checked.
#  File has not been updated.

# files hash-table stats:
# Load=15/1024=1%, Rehash=0, Collisions=0/51=0%
# VPATH Search Paths

# No 'vpath' search paths.

# No general ('VPATH' variable) search path.

# strcache buffers: 1 (0) / strings = 40 / storage = 341 B / avg = 8 B
# current buf: size = 8162 B / used = 341 B / count = 40 / avg = 8 B

# strcache performance: lookups = 75 / hit rate = 46%
# hash-table stats:
# Load=40/8192=0%, Rehash=0, Collisions=0/75=0%
# Finished Make data base on Fri Dec 19 14:19:53 2025

 
